// Jest Snapshot v1, https://goo.gl/fbAQLP

exports[`renders correctly 1`] = `
<View
  accessibilityComponentType={undefined}
  accessibilityLabel={undefined}
  accessibilityTraits={undefined}
  accessible={true}
  hitSlop={undefined}
  nativeID={undefined}
  onLayout={undefined}
  onResponderGrant={[Function]}
  onResponderMove={[Function]}
  onResponderRelease={[Function]}
  onResponderTerminate={[Function]}
  onResponderTerminationRequest={[Function]}
  onStartShouldSetResponder={[Function]}
  style={
    Object {
      "backgroundColor": "#fff",
      "flex": 1,
      "justifyContent": "space-between",
    }
  }
  testID={undefined}
>
  <View>
    <View
      style={
        Object {
          "margin": 20,
        }
      }
    >
      <Text
        accessible={true}
        allowFontScaling={true}
        disabled={false}
        ellipsizeMode="tail"
        style={
          Object {
            "color": "black",
            "fontSize": 24,
          }
        }
      >
        Your Name
      </Text>
    </View>
    <TextInput
      maxLength={100}
      name="name"
      onBlur={[Function]}
      onChangeText={[Function]}
      onDragStart={[Function]}
      onDrop={[Function]}
      onEndEditing={[Function]}
      onFocus={[Function]}
      onSubmitEditing={[Function]}
      style={
        Object {
          "bottomBorderColor": "black",
          "bottomBorderWidth": 1,
          "height": 40,
          "margin": 20,
        }
      }
      value=""
    />
  </View>
  <View>
    <TouchableHighlight
      activeOpacity={0.85}
      onPress={[Function]}
      style={
        Object {
          "backgroundColor": "#55A838",
          "borderRadius": 10,
          "height": 45,
          "justifyContent": "center",
          "margin": 20,
        }
      }
      testID="name-submit-button"
      underlayColor="black"
    >
      <Text
        accessible={true}
        allowFontScaling={true}
        disabled={false}
        ellipsizeMode="tail"
        style={
          Object {
            "alignSelf": "center",
            "color": "white",
            "fontSize": 24,
          }
        }
      >
        Continue
      </Text>
    </TouchableHighlight>
  </View>
</View>
`;
